../Core/Src/main.c:62:6:HAL_UART_RxCpltCallback	24	static
../Core/Src/main.c:77:6:seg7_show_digit	24	static
../Core/Src/main.c:111:6:HAL_TIM_PeriodElapsedCallback	16	static
../Core/Src/main.c:132:5:Regulator	56	static
../Core/Src/main.c:178:5:main	64	static
../Core/Src/main.c:274:6:SystemClock_Config	88	static
../Core/Src/main.c:324:13:MX_TIM2_Init	64	static
../Core/Src/main.c:383:13:MX_TIM3_Init	80	static
../Core/Src/main.c:461:13:MX_TIM6_Init	24	static
../Core/Src/main.c:499:13:MX_USART3_UART_Init	8	static
../Core/Src/main.c:534:13:MX_USB_OTG_FS_PCD_Init	8	static
../Core/Src/main.c:569:13:MX_GPIO_Init	64	static
../Core/Src/main.c:700:6:Error_Handler	4	static,ignoring_inline_asm
